<div class="MuiBox-root css-xxxxxx"><div class="MuiStack-root css-xxxxxx" id="sd"><a class="MuiTypography-root MuiTypography-inherit MuiLink-root MuiLink-underlineNone MuiLink-root MuiTypography-root css-xxxxxx" href="https://speakerdeck.com/hmatsu47" target="_blank" rel="noopener"><header class="MuiPaper-root MuiPaper-elevation MuiPaper-elevation4 MuiAppBar-root MuiAppBar-colorPrimary MuiAppBar-positionStatic MuiAppBar-root MuiPaper-root css-xxxxxx"><div class="MuiStack-root css-xxxxxx"><div class="MuiTypography-root MuiTypography-h6 MuiTypography-root css-xxxxxx">Speaker Deck</div><div class="MuiTypography-root MuiTypography-subtitle1 MuiTypography-root css-xxxxxx">more...</div></div></header></a><div class="MuiPaper-root MuiPaper-elevation MuiPaper-rounded MuiPaper-elevation1 MuiPaper-root MuiPaper-outlined MuiPaper-rounded MuiCard-root MuiCard-root MuiPaper-root css-xxxxxx MuiPaper-root css-xxxxxx"><div class="MuiCardContent-root MuiCardContent-root css-xxxxxx"><div class="MuiStack-root css-xxxxxx"><div class="MuiBox-root css-xxxxxx"><a class="MuiTypography-root MuiTypography-inherit MuiLink-root MuiLink-underlineNone MuiLink-root MuiTypography-root css-xxxxxx" href="https://speakerdeck.com/hmatsu47/solidjs-de-supabase-false-row-level-security-woshi-sitemita" target="_blank" rel="noopener"><h6 class="MuiTypography-root MuiTypography-subtitle1 MuiTypography-root css-xxxxxx">SolidJS で Supabase の Row Level Security を試してみた</h6></a></div><div class="MuiBox-root css-xxxxxx"><h6 class="MuiTypography-root MuiTypography-subtitle1 MuiTypography-root css-xxxxxx">2022-05-30</h6></div></div></div></div><div class="MuiPaper-root MuiPaper-elevation MuiPaper-rounded MuiPaper-elevation1 MuiPaper-root MuiPaper-outlined MuiPaper-rounded MuiCard-root MuiCard-root MuiPaper-root css-xxxxxx MuiPaper-root css-xxxxxx"><div class="MuiCardContent-root MuiCardContent-root css-xxxxxx"><div class="MuiStack-root css-xxxxxx"><div class="MuiBox-root css-xxxxxx"><a class="MuiTypography-root MuiTypography-inherit MuiLink-root MuiLink-underlineNone MuiLink-root MuiTypography-root css-xxxxxx" href="https://speakerdeck.com/hmatsu47/aurora-mysql-v1-nil-v3-falseyi-xing-diao-cha-ji-hua-bian" target="_blank" rel="noopener"><h6 class="MuiTypography-root MuiTypography-subtitle1 MuiTypography-root css-xxxxxx">Aurora MySQL v1 → v3 の移行（調査・計画編）</h6></a></div><div class="MuiBox-root css-xxxxxx"><h6 class="MuiTypography-root MuiTypography-subtitle1 MuiTypography-root css-xxxxxx">2022-04-29</h6></div></div></div></div><div class="MuiPaper-root MuiPaper-elevation MuiPaper-rounded MuiPaper-elevation1 MuiPaper-root MuiPaper-outlined MuiPaper-rounded MuiCard-root MuiCard-root MuiPaper-root css-xxxxxx MuiPaper-root css-xxxxxx"><div class="MuiCardContent-root MuiCardContent-root css-xxxxxx"><div class="MuiStack-root css-xxxxxx"><div class="MuiBox-root css-xxxxxx"><a class="MuiTypography-root MuiTypography-inherit MuiLink-root MuiLink-underlineNone MuiLink-root MuiTypography-root css-xxxxxx" href="https://speakerdeck.com/hmatsu47/she-nei-desupidoatupukontesutokai-cui-nitiao-zhan-sitahua" target="_blank" rel="noopener"><h6 class="MuiTypography-root MuiTypography-subtitle1 MuiTypography-root css-xxxxxx">社内でスピードアップコンテスト開催に挑戦した話</h6></a></div><div class="MuiBox-root css-xxxxxx"><h6 class="MuiTypography-root MuiTypography-subtitle1 MuiTypography-root css-xxxxxx">2022-04-11</h6></div></div></div></div></div></div>