<div class="MuiBox-root css-xxxxxxxx"><div id="qiita" class="MuiStack-root css-xxxxxxxx"><a href="https://qiita.com/hmatsu47" target="_blank" rel="noopener" class="MuiTypography-root MuiTypography-inherit MuiLink-root MuiLink-underlineNone MuiLink-root MuiTypography-root css-xxxxxxxx"><div class="MuiPaper-root MuiPaper-elevation MuiPaper-elevation4 MuiAppBar-root MuiAppBar-colorPrimary MuiAppBar-positionStatic MuiAppBar-root MuiPaper-root css-xxxxxxxx"><div class="MuiStack-root css-xxxxxxxx"><div class="MuiTypography-root MuiTypography-h6 MuiTypography-root css-xxxxxxxx">Qiita</div><div class="MuiTypography-root MuiTypography-subtitle1 MuiTypography-root css-xxxxxxxx">more...</div></div></div></a><div class="MuiStack-root css-xxxxxxxx"><div class="MuiBox-root css-xxxxxxxx"></div><div class="MuiPaper-root MuiPaper-elevation MuiPaper-rounded MuiPaper-elevation2 MuiCard-root MuiPaper-root css-xxxxxxxx"><div class="MuiCardContent-root css-xxxxxxxx"><div class="MuiStack-root css-xxxxxxxx"><div class="MuiBox-root css-xxxxxxxx"><a href="https://qiita.com/hmatsu47/items/774a3ab9441fe8eb96c7" target="_blank" rel="noopener" class="MuiTypography-root MuiTypography-inherit MuiLink-root MuiLink-underlineNone MuiLink-root MuiTypography-root css-xxxxxxxx"><h6 class="MuiTypography-root MuiTypography-subtitle1 MuiTypography-root css-xxxxxxxx">SolidJS で Supabase の Row Level Security を試してみた…の続き（補足）</h6></a></div><div class="MuiBox-root css-xxxxxxxx"><h6 class="MuiTypography-root MuiTypography-subtitle1 MuiTypography-root css-xxxxxxxx">2022-06-01</h6></div></div></div></div></div><div class="MuiStack-root css-xxxxxxxx"><div class="MuiBox-root css-xxxxxxxx"></div><div class="MuiPaper-root MuiPaper-elevation MuiPaper-rounded MuiPaper-elevation2 MuiCard-root MuiPaper-root css-xxxxxxxx"><div class="MuiCardContent-root css-xxxxxxxx"><div class="MuiStack-root css-xxxxxxxx"><div class="MuiBox-root css-xxxxxxxx"><a href="https://qiita.com/hmatsu47/items/b6ba2d2994e1632c13ea" target="_blank" rel="noopener" class="MuiTypography-root MuiTypography-inherit MuiLink-root MuiLink-underlineNone MuiLink-root MuiTypography-root css-xxxxxxxx"><h6 class="MuiTypography-root MuiTypography-subtitle1 MuiTypography-root css-xxxxxxxx">SolidJS で Supabase の Row Level Security を試してみた</h6></a></div><div class="MuiBox-root css-xxxxxxxx"><h6 class="MuiTypography-root MuiTypography-subtitle1 MuiTypography-root css-xxxxxxxx">2022-05-15</h6></div></div></div></div></div><div class="MuiStack-root css-xxxxxxxx"><div class="MuiBox-root css-xxxxxxxx"></div><div class="MuiPaper-root MuiPaper-elevation MuiPaper-rounded MuiPaper-elevation2 MuiCard-root MuiPaper-root css-xxxxxxxx"><div class="MuiCardContent-root css-xxxxxxxx"><div class="MuiStack-root css-xxxxxxxx"><div class="MuiBox-root css-xxxxxxxx"><a href="https://qiita.com/hmatsu47/items/d3f34f39c28a4b802966" target="_blank" rel="noopener" class="MuiTypography-root MuiTypography-inherit MuiLink-root MuiLink-underlineNone MuiLink-root MuiTypography-root css-xxxxxxxx"><h6 class="MuiTypography-root MuiTypography-subtitle1 MuiTypography-root css-xxxxxxxx">小ネタ／Aurora MySQL v1/v2 から v3 に移行する際のユーザ権限トラブルについて</h6></a></div><div class="MuiBox-root css-xxxxxxxx"><h6 class="MuiTypography-root MuiTypography-subtitle1 MuiTypography-root css-xxxxxxxx">2022-03-18</h6></div></div></div></div></div></div></div>