<div class="MuiBox-root css-xxxxxxxx"><div id="docswell" class="MuiStack-root css-xxxxxxxx"><a class="MuiTypography-root MuiTypography-inherit MuiLink-root MuiLink-underlineNone MuiLink-root MuiTypography-root css-xxxxxxxx" href="https://www.docswell.com/user/hmatsu47" target="_blank" rel="noopener"><div class="MuiPaper-root MuiPaper-elevation MuiPaper-elevation4 MuiAppBar-root MuiAppBar-colorPrimary MuiAppBar-positionStatic MuiAppBar-root MuiPaper-root css-xxxxxxxx"><div class="MuiStack-root css-xxxxxxxx"><div class="MuiTypography-root MuiTypography-h6 MuiTypography-root css-xxxxxxxx">Docswell</div><div class="MuiTypography-root MuiTypography-subtitle1 MuiTypography-root css-xxxxxxxx">more...</div></div></div></a><div class="MuiStack-root css-xxxxxxxx"><div class="MuiBox-root css-xxxxxxxx"></div><div class="MuiPaper-root MuiPaper-elevation MuiPaper-rounded MuiPaper-elevation2 MuiCard-root MuiPaper-root css-xxxxxxxx"><div class="MuiCardContent-root css-xxxxxxxx"><div class="MuiStack-root css-xxxxxxxx"><div class="MuiBox-root css-xxxxxxxx"><a class="MuiTypography-root MuiTypography-inherit MuiLink-root MuiLink-underlineNone MuiLink-root MuiTypography-root css-xxxxxxxx" href="https://www.docswell.com/s/hmatsu47/Z7WR15-2022-11-21-232543?ref=rss" target="_blank" rel="noopener"><h6 class="MuiTypography-root MuiTypography-subtitle1 MuiTypography-root css-xxxxxxxx">Aurora MySQL 一段飛ばしのバージョンアップとその他もろもろの話</h6></a></div><div class="MuiBox-root css-xxxxxxxx"><h6 class="MuiTypography-root MuiTypography-subtitle1 MuiTypography-root css-xxxxxxxx">2022-11-22</h6></div></div></div></div></div><div class="MuiStack-root css-xxxxxxxx"><div class="MuiBox-root css-xxxxxxxx"></div><div class="MuiPaper-root MuiPaper-elevation MuiPaper-rounded MuiPaper-elevation2 MuiCard-root MuiPaper-root css-xxxxxxxx"><div class="MuiCardContent-root css-xxxxxxxx"><div class="MuiStack-root css-xxxxxxxx"><div class="MuiBox-root css-xxxxxxxx"><a class="MuiTypography-root MuiTypography-inherit MuiLink-root MuiLink-underlineNone MuiLink-root MuiTypography-root css-xxxxxxxx" href="https://www.docswell.com/s/hmatsu47/KEGG1Z-2022-10-23-210239?ref=rss" target="_blank" rel="noopener"><h6 class="MuiTypography-root MuiTypography-subtitle1 MuiTypography-root css-xxxxxxxx">Aurora MySQL v1 → v3 移行完了報告</h6></a></div><div class="MuiBox-root css-xxxxxxxx"><h6 class="MuiTypography-root MuiTypography-subtitle1 MuiTypography-root css-xxxxxxxx">2022-10-28</h6></div></div></div></div></div><div class="MuiStack-root css-xxxxxxxx"><div class="MuiBox-root css-xxxxxxxx"></div><div class="MuiPaper-root MuiPaper-elevation MuiPaper-rounded MuiPaper-elevation2 MuiCard-root MuiPaper-root css-xxxxxxxx"><div class="MuiCardContent-root css-xxxxxxxx"><div class="MuiStack-root css-xxxxxxxx"><div class="MuiBox-root css-xxxxxxxx"><a class="MuiTypography-root MuiTypography-inherit MuiLink-root MuiLink-underlineNone MuiLink-root MuiTypography-root css-xxxxxxxx" href="https://www.docswell.com/s/hmatsu47/59P4JK-2022-09-30-001648?ref=rss" target="_blank" rel="noopener"><h6 class="MuiTypography-root MuiTypography-subtitle1 MuiTypography-root css-xxxxxxxx">Aurora MySQL v1→v3移行の経過報告</h6></a></div><div class="MuiBox-root css-xxxxxxxx"><h6 class="MuiTypography-root MuiTypography-subtitle1 MuiTypography-root css-xxxxxxxx">2022-09-30</h6></div></div></div></div></div></div></div>