<div class="MuiBox-root css-xxxxxx"></div><div class="MuiStack-root css-xxxxxx"><div class="MuiAvatar-root MuiAvatar-circular MuiAvatar-root css-xxxxxx"><img class="MuiAvatar-img MuiAvatar-img css-xxxxxx" alt="hmatsu47" src="https://avatars.githubusercontent.com/u/35142774"></div><div class="MuiTypography-root MuiTypography-h6 MuiTypography-root css-xxxxxx">hmatsu47 (Articles)</div><button class="MuiButtonBase-root MuiButton-root MuiButton-text MuiButton-textPrimary MuiButton-sizeMedium MuiButton-textSizeMedium MuiButton-root MuiButtonBase-root css-xxxxxx" type="button" tabindex="0">Slides<span class="MuiTouchRipple-root MuiTouchRipple-root css-xxxxxx"></span></button><button class="MuiButtonBase-root MuiButton-root MuiButton-text MuiButton-textPrimary MuiButton-sizeMedium MuiButton-textSizeMedium MuiButton-root MuiButtonBase-root css-xxxxxx" type="button" tabindex="0">Back<span class="MuiTouchRipple-root MuiTouchRipple-root css-xxxxxx"></span></button></div>