<div class="MuiBox-root css-xxxxxxxx"></div><div class="MuiStack-root css-xxxxxxxx"><div class="MuiAvatar-root MuiAvatar-circular MuiAvatar-root css-xxxxxxxx"><img alt="hmatsu47" src="https://avatars.githubusercontent.com/u/35142774" class="MuiAvatar-img css-xxxxxxxx"></div><div class="MuiTypography-root MuiTypography-h6 MuiTypography-root css-xxxxxxxx">hmatsu47 (Slides)</div><button class="MuiButtonBase-root MuiButton-root MuiButton-text MuiButton-textPrimary MuiButton-sizeMedium MuiButton-textSizeMedium MuiButton-root MuiButtonBase-root css-xxxxxxxx" tabindex="0" type="button">Articles<span class="MuiTouchRipple-root css-xxxxxxxx"></span></button><button class="MuiButtonBase-root MuiButton-root MuiButton-text MuiButton-textPrimary MuiButton-sizeMedium MuiButton-textSizeMedium MuiButton-root MuiButtonBase-root css-xxxxxxxx" tabindex="0" type="button">Back<span class="MuiTouchRipple-root css-xxxxxxxx"></span></button></div>